[2026-09-13 19:20:57] ALERT FIRED swimmer=#1 phase=DISTRESS score=0.58 frame=25 source=camera
[2026-09-13 19:21:15] ALERT FIRED swimmer=#1 phase=DISTRESS score=0.58 frame=25 source=camera
[2026-09-20 21:38:03] ALERT FIRED swimmer=#1 phase=CRITICAL score=0.46 frame=99 source=flood-cam
[2026-09-20 21:39:04] ALERT FIRED swimmer=#1 phase=CRITICAL score=0.22 frame=111 source=flood-cam
[2026-09-20 21:39:27] ALERT FIRED swimmer=#1 phase=STRANDED score=0.21 frame=168 source=flood-cam
[2026-09-20 22:15:01] ALERT FIRED swimmer=#1 phase=SINKING score=0.87 frame=297 source=camera
[2026-09-20 22:15:03] ALERT FIRED swimmer=#1 phase=SINKING score=0.86 frame=10 source=camera
[2026-09-20 22:15:06] ALERT FIRED swimmer=#1 phase=CRITICAL score=0.99 frame=90 source=flood-cam
[2026-09-21 17:47:46] ALERT FIRED swimmer=#1 phase=CRITICAL score=1.00 frame=92 source=flood-cam
[2026-09-21 17:48:34] ALERT FIRED swimmer=#1 phase=CRITICAL score=0.48 frame=109 source=flood-cam
[2026-09-21 17:48:41] ALERT FIRED swimmer=#1 phase=STRANDED score=0.08 frame=168 source=flood-cam
[2026-09-21 17:56:26] ALERT FIRED swimmer=#1 phase=CRITICAL score=0.99 frame=90 source=flood-cam
[2026-09-21 17:56:34] ALERT FIRED swimmer=#1 phase=CRITICAL score=0.48 frame=109 source=flood-cam
[2026-09-21 17:56:43] ALERT FIRED swimmer=#1 phase=STRANDED score=0.08 frame=168 source=flood-cam
[2026-09-24 11:22:33] ALERT FIRED swimmer=#1 phase=SINKING score=0.86 frame=10 source=camera
[2026-09-24 11:22:35] ALERT FIRED swimmer=#1 phase=SINKING score=0.86 frame=10 source=camera
[2026-09-24 11:22:56] ALERT FIRED swimmer=#1 phase=CRITICAL score=1.00 frame=92 source=flood-cam
[2026-09-24 11:23:00] ALERT FIRED swimmer=#1 phase=CRITICAL score=0.48 frame=109 source=flood-cam
[2026-09-24 11:23:21] ALERT FIRED swimmer=#1 phase=STRANDED score=0.08 frame=168 source=flood-cam
[2026-09-24 11:23:39] ALERT FIRED swimmer=#3 phase=CRITICAL score=0.89 frame=13 source=flood-cam
[2026-09-24 11:23:39] ALERT FIRED swimmer=#4 phase=CRITICAL score=0.89 frame=14 source=flood-cam
[2026-09-24 11:23:39] ALERT FIRED swimmer=#5 phase=CRITICAL score=0.89 frame=15 source=flood-cam
[2026-09-24 11:23:39] ALERT FIRED swimmer=#6 phase=CRITICAL score=0.89 frame=15 source=flood-cam
[2026-09-24 11:23:40] ALERT FIRED swimmer=#7 phase=CRITICAL score=0.89 frame=29 source=flood-cam
[2026-09-24 11:23:40] ALERT FIRED swimmer=#8 phase=CRITICAL score=0.89 frame=29 source=flood-cam
[2026-09-24 11:23:40] ALERT FIRED swimmer=#2 phase=CRITICAL score=0.00 frame=33 source=flood-cam
[2026-09-24 11:23:40] ALERT FIRED swimmer=#9 phase=CRITICAL score=0.89 frame=34 source=flood-cam
[2026-09-24 11:23:41] ALERT FIRED swimmer=#10 phase=CRITICAL score=0.89 frame=38 source=flood-cam
[2026-09-24 11:23:41] ALERT FIRED swimmer=#11 phase=CRITICAL score=0.89 frame=40 source=flood-cam
[2026-09-24 11:23:41] ALERT FIRED swimmer=#12 phase=CRITICAL score=0.88 frame=47 source=flood-cam
[2026-09-24 11:23:42] ALERT FIRED swimmer=#13 phase=CRITICAL score=0.88 frame=51 source=flood-cam
[2026-09-24 11:23:46] ALERT FIRED swimmer=#14 phase=CRITICAL score=0.87 frame=90 source=flood-cam
[2026-09-24 11:23:47] ALERT FIRED swimmer=#15 phase=CRITICAL score=0.88 frame=94 source=flood-cam
[2026-09-24 11:23:48] ALERT FIRED swimmer=#16 phase=CRITICAL score=0.88 frame=109 source=flood-cam
[2026-09-24 11:23:49] ALERT FIRED swimmer=#17 phase=CRITICAL score=0.87 frame=116 source=flood-cam
[2026-09-24 11:23:53] ALERT FIRED swimmer=#18 phase=CRITICAL score=1.00 frame=159 source=flood-cam
[2026-09-24 11:23:54] ALERT FIRED swimmer=#24 phase=CRITICAL score=0.89 frame=164 source=flood-cam
[2026-09-24 11:23:54] ALERT FIRED swimmer=#25 phase=CRITICAL score=0.89 frame=164 source=flood-cam
[2026-09-24 11:23:54] ALERT FIRED swimmer=#26 phase=CRITICAL score=0.89 frame=164 source=flood-cam
[2026-09-24 11:23:54] ALERT FIRED swimmer=#27 phase=CRITICAL score=1.00 frame=165 source=flood-cam
[2026-09-24 11:23:54] ALERT FIRED swimmer=#28 phase=CRITICAL score=1.00 frame=166 source=flood-cam
[2026-09-24 11:23:55] ALERT FIRED swimmer=#29 phase=CRITICAL score=1.00 frame=168 source=flood-cam
[2026-09-24 11:23:55] ALERT FIRED swimmer=#30 phase=CRITICAL score=1.00 frame=168 source=flood-cam
[2026-09-24 11:23:55] ALERT FIRED swimmer=#31 phase=CRITICAL score=1.00 frame=169 source=flood-cam
[2026-09-24 11:23:55] ALERT FIRED swimmer=#32 phase=CRITICAL score=1.00 frame=170 source=flood-cam
[2026-09-24 11:23:56] ALERT FIRED swimmer=#21 phase=CRITICAL score=1.00 frame=172 source=flood-cam
[2026-09-24 11:23:56] ALERT FIRED swimmer=#22 phase=CRITICAL score=1.00 frame=172 source=flood-cam
[2026-09-24 11:23:56] ALERT FIRED swimmer=#33 phase=CRITICAL score=1.00 frame=172 source=flood-cam
[2026-09-24 11:23:56] ALERT FIRED swimmer=#34 phase=CRITICAL score=1.00 frame=172 source=flood-cam
[2026-09-24 11:23:56] ALERT FIRED swimmer=#35 phase=CRITICAL score=1.00 frame=172 source=flood-cam
[2026-09-24 11:23:56] ALERT FIRED swimmer=#36 phase=CRITICAL score=1.00 frame=174 source=flood-cam
[2026-09-24 11:23:57] ALERT FIRED swimmer=#37 phase=CRITICAL score=1.00 frame=178 source=flood-cam
[2026-09-24 11:23:58] ALERT FIRED swimmer=#39 phase=CRITICAL score=1.00 frame=182 source=flood-cam
[2026-09-24 11:23:58] ALERT FIRED swimmer=#38 phase=CRITICAL score=1.00 frame=184 source=flood-cam
[2026-09-24 11:23:59] ALERT FIRED swimmer=#40 phase=CRITICAL score=1.00 frame=188 source=flood-cam
[2026-09-24 11:24:00] ALERT FIRED swimmer=#41 phase=CRITICAL score=1.00 frame=190 source=flood-cam
[2026-09-24 11:24:00] ALERT FIRED swimmer=#42 phase=CRITICAL score=1.00 frame=190 source=flood-cam
[2026-09-24 11:24:00] ALERT FIRED swimmer=#43 phase=CRITICAL score=1.00 frame=190 source=flood-cam
[2026-09-24 11:24:00] ALERT FIRED swimmer=#44 phase=CRITICAL score=1.00 frame=191 source=flood-cam
[2026-09-24 11:24:00] ALERT FIRED swimmer=#45 phase=CRITICAL score=1.00 frame=191 source=flood-cam
[2026-09-24 11:24:01] ALERT FIRED swimmer=#46 phase=CRITICAL score=1.00 frame=193 source=flood-cam
[2026-09-24 11:24:03] ALERT FIRED swimmer=#23 phase=CRITICAL score=0.64 frame=203 source=flood-cam
[2026-09-24 11:24:03] ALERT FIRED swimmer=#47 phase=CRITICAL score=1.00 frame=203 source=flood-cam
[2026-09-24 11:24:04] ALERT FIRED swimmer=#48 phase=CRITICAL score=1.00 frame=204 source=flood-cam
[2026-09-24 11:24:04] ALERT FIRED swimmer=#49 phase=CRITICAL score=1.00 frame=206 source=flood-cam
[2026-09-24 11:24:05] ALERT FIRED swimmer=#19 phase=CRITICAL score=1.00 frame=211 source=flood-cam
[2026-09-24 11:24:07] ALERT FIRED swimmer=#50 phase=CRITICAL score=1.00 frame=219 source=flood-cam
[2026-09-24 11:24:07] ALERT FIRED swimmer=#51 phase=CRITICAL score=1.00 frame=219 source=flood-cam
[2026-09-24 11:24:08] ALERT FIRED swimmer=#52 phase=CRITICAL score=1.00 frame=223 source=flood-cam
[2026-09-24 11:24:09] ALERT FIRED swimmer=#53 phase=CRITICAL score=1.00 frame=227 source=flood-cam
[2026-09-24 11:24:10] ALERT FIRED swimmer=#54 phase=CRITICAL score=1.00 frame=229 source=flood-cam
[2026-09-24 11:24:13] ALERT CLEARED swimmer=#21 phase=WADING score=0.00 frame=245 source=flood-cam
[2026-09-24 11:24:14] ALERT FIRED swimmer=#55 phase=CRITICAL score=0.87 frame=246 source=flood-cam
[2026-09-24 11:24:14] ALERT FIRED swimmer=#56 phase=CRITICAL score=0.87 frame=246 source=flood-cam
[2026-09-24 11:24:14] ALERT FIRED swimmer=#57 phase=CRITICAL score=0.87 frame=248 source=flood-cam
[2026-09-24 11:24:15] ALERT FIRED swimmer=#58 phase=CRITICAL score=0.87 frame=252 source=flood-cam
[2026-09-24 11:24:16] ALERT FIRED swimmer=#59 phase=CRITICAL score=0.87 frame=259 source=flood-cam
[2026-09-24 11:24:17] ALERT FIRED swimmer=#61 phase=CRITICAL score=0.87 frame=265 source=flood-cam
[2026-09-24 11:24:18] ALERT FIRED swimmer=#62 phase=CRITICAL score=0.87 frame=270 source=flood-cam
[2026-09-24 11:24:18] ALERT FIRED swimmer=#60 phase=WADING score=0.74 frame=271 source=flood-cam
[2026-09-24 11:24:19] ALERT FIRED swimmer=#63 phase=CRITICAL score=0.87 frame=273 source=flood-cam
[2026-09-24 11:24:19] ALERT FIRED swimmer=#64 phase=CRITICAL score=0.87 frame=276 source=flood-cam
[2026-09-24 11:24:20] ALERT FIRED swimmer=#66 phase=CRITICAL score=0.88 frame=282 source=flood-cam
[2026-09-24 11:24:21] ALERT FIRED swimmer=#21 phase=CRITICAL score=0.89 frame=285 source=flood-cam
[2026-09-24 11:24:21] ALERT FIRED swimmer=#68 phase=CRITICAL score=0.88 frame=287 source=flood-cam
[2026-09-24 11:24:22] ALERT FIRED swimmer=#69 phase=CRITICAL score=0.87 frame=290 source=flood-cam
[2026-09-24 11:24:23] ALERT FIRED swimmer=#71 phase=CRITICAL score=0.88 frame=293 source=flood-cam
[2026-09-24 11:24:23] ALERT FIRED swimmer=#67 phase=WADING score=0.72 frame=295 source=flood-cam
[2026-09-24 11:24:24] ALERT FIRED swimmer=#72 phase=CRITICAL score=0.88 frame=301 source=flood-cam
[2026-09-24 11:24:25] ALERT FIRED swimmer=#73 phase=CRITICAL score=0.88 frame=305 source=flood-cam
[2026-09-24 11:24:25] ALERT FIRED swimmer=#65 phase=CRITICAL score=0.88 frame=306 source=flood-cam
[2026-09-24 11:24:26] ALERT FIRED swimmer=#74 phase=CRITICAL score=0.88 frame=310 source=flood-cam
[2026-09-24 11:24:27] ALERT FIRED swimmer=#75 phase=CRITICAL score=1.00 frame=313 source=flood-cam
[2026-09-24 11:24:28] ALERT FIRED swimmer=#70 phase=CRITICAL score=1.00 frame=319 source=flood-cam
[2026-09-24 11:24:29] ALERT FIRED swimmer=#78 phase=CRITICAL score=1.00 frame=321 source=flood-cam
[2026-09-24 11:24:29] ALERT FIRED swimmer=#79 phase=CRITICAL score=1.00 frame=323 source=flood-cam
[2026-09-24 11:24:31] ALERT FIRED swimmer=#81 phase=CRITICAL score=1.00 frame=331 source=flood-cam
[2026-09-24 11:24:32] ALERT FIRED swimmer=#76 phase=CRITICAL score=0.99 frame=332 source=flood-cam
[2026-09-24 11:24:32] ALERT FIRED swimmer=#82 phase=CRITICAL score=1.00 frame=333 source=flood-cam
[2026-09-24 11:24:33] ALERT FIRED swimmer=#83 phase=CRITICAL score=1.00 frame=339 source=flood-cam
[2026-09-24 11:24:33] ALERT FIRED swimmer=#84 phase=CRITICAL score=1.00 frame=339 source=flood-cam
[2026-09-24 11:24:34] ALERT FIRED swimmer=#86 phase=CRITICAL score=1.00 frame=341 source=flood-cam
[2026-09-24 11:24:35] ALERT FIRED swimmer=#85 phase=CRITICAL score=1.00 frame=345 source=flood-cam
[2026-09-24 11:24:36] ALERT FIRED swimmer=#87 phase=CRITICAL score=1.00 frame=348 source=flood-cam
[2026-09-24 11:24:36] ALERT CLEARED swimmer=#28 phase=WADING score=0.00 frame=349 source=flood-cam
[2026-09-24 11:24:36] ALERT FIRED swimmer=#88 phase=CRITICAL score=1.00 frame=350 source=flood-cam
[2026-09-24 11:24:37] ALERT FIRED swimmer=#89 phase=CRITICAL score=1.00 frame=353 source=flood-cam
[2026-09-24 11:24:37] ALERT FIRED swimmer=#90 phase=CRITICAL score=1.00 frame=354 source=flood-cam
[2026-09-24 11:24:38] ALERT FIRED swimmer=#91 phase=CRITICAL score=1.00 frame=358 source=flood-cam
[2026-09-24 11:24:39] ALERT FIRED swimmer=#80 phase=CRITICAL score=0.99 frame=359 source=flood-cam
[2026-09-24 11:24:39] ALERT FIRED swimmer=#92 phase=CRITICAL score=1.00 frame=359 source=flood-cam
[2026-09-24 11:24:39] ALERT FIRED swimmer=#77 phase=CRITICAL score=0.00 frame=360 source=flood-cam
[2026-09-24 11:24:39] ALERT FIRED swimmer=#93 phase=CRITICAL score=1.00 frame=361 source=flood-cam
[2026-09-24 11:24:41] ALERT FIRED swimmer=#94 phase=CRITICAL score=1.00 frame=365 source=flood-cam
[2026-09-24 11:24:43] ALERT FIRED swimmer=#95 phase=CRITICAL score=1.00 frame=370 source=flood-cam
[2026-09-24 11:24:44] ALERT FIRED swimmer=#96 phase=CRITICAL score=0.88 frame=374 source=flood-cam
[2026-09-24 11:24:44] ALERT FIRED swimmer=#97 phase=CRITICAL score=0.88 frame=374 source=flood-cam
[2026-09-24 11:24:44] ALERT FIRED swimmer=#98 phase=CRITICAL score=0.88 frame=376 source=flood-cam
[2026-09-24 11:24:45] ALERT FIRED swimmer=#100 phase=CRITICAL score=0.88 frame=378 source=flood-cam
[2026-09-24 11:24:45] ALERT FIRED swimmer=#101 phase=CRITICAL score=0.87 frame=378 source=flood-cam
[2026-09-24 11:24:45] ALERT FIRED swimmer=#102 phase=CRITICAL score=0.88 frame=379 source=flood-cam
[2026-09-24 11:24:46] ALERT FIRED swimmer=#103 phase=CRITICAL score=0.88 frame=382 source=flood-cam
[2026-09-24 11:24:47] ALERT FIRED swimmer=#105 phase=CRITICAL score=0.88 frame=386 source=flood-cam
[2026-09-24 11:24:48] ALERT FIRED swimmer=#106 phase=CRITICAL score=0.88 frame=389 source=flood-cam
[2026-09-24 11:24:49] ALERT FIRED swimmer=#104 phase=WADING score=0.75 frame=393 source=flood-cam
[2026-09-24 11:24:49] ALERT FIRED swimmer=#107 phase=CRITICAL score=0.88 frame=393 source=flood-cam
[2026-09-24 11:24:49] ALERT FIRED swimmer=#108 phase=CRITICAL score=0.88 frame=394 source=flood-cam
[2026-09-24 11:24:49] ALERT FIRED swimmer=#109 phase=CRITICAL score=0.88 frame=396 source=flood-cam
[2026-09-24 11:24:51] ALERT FIRED swimmer=#99 phase=CRITICAL score=0.10 frame=401 source=flood-cam
[2026-09-24 11:24:51] ALERT FIRED swimmer=#110 phase=CRITICAL score=0.88 frame=401 source=flood-cam
[2026-09-24 11:24:52] ALERT FIRED swimmer=#111 phase=CRITICAL score=0.88 frame=405 source=flood-cam
[2026-09-24 11:24:52] ALERT FIRED swimmer=#112 phase=CRITICAL score=0.88 frame=407 source=flood-cam
[2026-09-24 11:24:52] ALERT FIRED swimmer=#114 phase=CRITICAL score=0.88 frame=408 source=flood-cam
[2026-09-24 11:24:54] ALERT FIRED swimmer=#113 phase=WADING score=0.74 frame=417 source=flood-cam
[2026-09-24 11:24:56] ALERT FIRED swimmer=#115 phase=WADING score=0.72 frame=425 source=flood-cam
[2026-09-24 11:24:58] ALERT FIRED swimmer=#116 phase=CRITICAL score=0.88 frame=433 source=flood-cam
[2026-09-24 11:24:59] ALERT FIRED swimmer=#117 phase=CRITICAL score=0.88 frame=439 source=flood-cam
[2026-09-24 11:25:02] ALERT FIRED swimmer=#119 phase=CRITICAL score=0.88 frame=454 source=flood-cam
[2026-09-24 11:25:03] ALERT FIRED swimmer=#118 phase=WADING score=0.74 frame=458 source=flood-cam
[2026-09-24 11:25:03] ALERT FIRED swimmer=#120 phase=CRITICAL score=0.88 frame=462 source=flood-cam
[2026-09-24 11:25:05] ALERT FIRED swimmer=#121 phase=CRITICAL score=1.00 frame=468 source=flood-cam
[2026-09-24 11:25:06] ALERT FIRED swimmer=#122 phase=CRITICAL score=1.00 frame=472 source=flood-cam
[2026-09-24 11:25:07] ALERT FIRED swimmer=#125 phase=CRITICAL score=0.99 frame=478 source=flood-cam
[2026-09-24 11:25:08] ALERT FIRED swimmer=#128 phase=CRITICAL score=1.00 frame=480 source=flood-cam
[2026-09-24 11:25:08] ALERT FIRED swimmer=#129 phase=CRITICAL score=1.00 frame=481 source=flood-cam
[2026-09-24 11:25:08] ALERT FIRED swimmer=#130 phase=CRITICAL score=1.00 frame=481 source=flood-cam
[2026-09-24 11:25:08] ALERT FIRED swimmer=#124 phase=CRITICAL score=1.00 frame=482 source=flood-cam
[2026-09-24 11:25:08] ALERT FIRED swimmer=#126 phase=CRITICAL score=1.00 frame=482 source=flood-cam
[2026-09-24 11:25:08] ALERT FIRED swimmer=#127 phase=CRITICAL score=1.00 frame=482 source=flood-cam
[2026-09-24 11:25:09] ALERT FIRED swimmer=#131 phase=CRITICAL score=1.00 frame=483 source=flood-cam
[2026-09-24 11:25:10] ALERT FIRED swimmer=#132 phase=CRITICAL score=1.00 frame=485 source=flood-cam
[2026-09-24 11:25:10] ALERT FIRED swimmer=#133 phase=CRITICAL score=1.00 frame=485 source=flood-cam
[2026-09-24 11:25:10] ALERT FIRED swimmer=#134 phase=CRITICAL score=1.00 frame=486 source=flood-cam
[2026-09-24 11:25:11] ALERT FIRED swimmer=#123 phase=CRITICAL score=0.98 frame=490 source=flood-cam
[2026-09-24 11:25:12] ALERT FIRED swimmer=#135 phase=CRITICAL score=1.00 frame=493 source=flood-cam
[2026-09-24 11:25:14] ALERT FIRED swimmer=#136 phase=CRITICAL score=0.87 frame=500 source=flood-cam
[2026-09-24 11:25:41] ALERT FIRED swimmer=#3 phase=CRITICAL score=0.89 frame=13 source=flood-cam
[2026-09-24 11:25:41] ALERT FIRED swimmer=#4 phase=CRITICAL score=0.89 frame=14 source=flood-cam
[2026-09-24 11:25:41] ALERT FIRED swimmer=#5 phase=CRITICAL score=0.89 frame=15 source=flood-cam
[2026-09-24 11:25:41] ALERT FIRED swimmer=#6 phase=CRITICAL score=0.89 frame=15 source=flood-cam
[2026-09-24 11:25:43] ALERT FIRED swimmer=#7 phase=CRITICAL score=0.89 frame=29 source=flood-cam
[2026-09-24 11:25:43] ALERT FIRED swimmer=#8 phase=CRITICAL score=0.89 frame=29 source=flood-cam
[2026-09-24 11:25:43] ALERT FIRED swimmer=#2 phase=CRITICAL score=0.00 frame=33 source=flood-cam
[2026-09-24 11:25:43] ALERT FIRED swimmer=#9 phase=CRITICAL score=0.89 frame=34 source=flood-cam
[2026-09-24 11:25:43] ALERT FIRED swimmer=#10 phase=CRITICAL score=0.89 frame=38 source=flood-cam
[2026-09-24 11:25:44] ALERT FIRED swimmer=#11 phase=CRITICAL score=0.89 frame=40 source=flood-cam
[2026-09-24 11:25:44] ALERT FIRED swimmer=#12 phase=CRITICAL score=0.88 frame=47 source=flood-cam
[2026-09-24 11:25:45] ALERT FIRED swimmer=#13 phase=CRITICAL score=0.88 frame=51 source=flood-cam
[2026-09-24 11:25:49] ALERT FIRED swimmer=#14 phase=CRITICAL score=0.87 frame=90 source=flood-cam
[2026-09-24 11:25:50] ALERT FIRED swimmer=#15 phase=CRITICAL score=0.88 frame=94 source=flood-cam
[2026-09-24 11:25:51] ALERT FIRED swimmer=#16 phase=CRITICAL score=0.88 frame=109 source=flood-cam
[2026-09-24 11:25:52] ALERT FIRED swimmer=#17 phase=CRITICAL score=0.87 frame=116 source=flood-cam
[2026-09-24 11:25:56] ALERT FIRED swimmer=#18 phase=CRITICAL score=1.00 frame=159 source=flood-cam
[2026-09-24 11:25:57] ALERT FIRED swimmer=#24 phase=CRITICAL score=0.89 frame=164 source=flood-cam
[2026-09-24 11:25:57] ALERT FIRED swimmer=#25 phase=CRITICAL score=0.89 frame=164 source=flood-cam
[2026-09-24 11:25:57] ALERT FIRED swimmer=#26 phase=CRITICAL score=0.89 frame=164 source=flood-cam
[2026-09-24 11:25:57] ALERT FIRED swimmer=#27 phase=CRITICAL score=1.00 frame=165 source=flood-cam
[2026-09-24 11:25:57] ALERT FIRED swimmer=#28 phase=CRITICAL score=1.00 frame=166 source=flood-cam
[2026-09-24 11:25:58] ALERT FIRED swimmer=#29 phase=CRITICAL score=1.00 frame=168 source=flood-cam
[2026-09-24 11:25:58] ALERT FIRED swimmer=#30 phase=CRITICAL score=1.00 frame=168 source=flood-cam
[2026-09-24 11:25:58] ALERT FIRED swimmer=#31 phase=CRITICAL score=1.00 frame=169 source=flood-cam
[2026-09-24 11:25:58] ALERT FIRED swimmer=#32 phase=CRITICAL score=1.00 frame=170 source=flood-cam
[2026-09-24 11:25:59] ALERT FIRED swimmer=#21 phase=CRITICAL score=1.00 frame=172 source=flood-cam
[2026-09-24 11:25:59] ALERT FIRED swimmer=#22 phase=CRITICAL score=1.00 frame=172 source=flood-cam
[2026-09-24 11:25:59] ALERT FIRED swimmer=#33 phase=CRITICAL score=1.00 frame=172 source=flood-cam
[2026-09-24 11:25:59] ALERT FIRED swimmer=#34 phase=CRITICAL score=1.00 frame=172 source=flood-cam
[2026-09-24 11:25:59] ALERT FIRED swimmer=#35 phase=CRITICAL score=1.00 frame=172 source=flood-cam
[2026-09-24 11:25:59] ALERT FIRED swimmer=#36 phase=CRITICAL score=1.00 frame=174 source=flood-cam
[2026-09-24 11:26:00] ALERT FIRED swimmer=#37 phase=CRITICAL score=1.00 frame=178 source=flood-cam
[2026-09-24 11:26:01] ALERT FIRED swimmer=#39 phase=CRITICAL score=1.00 frame=182 source=flood-cam
[2026-09-24 11:26:02] ALERT FIRED swimmer=#38 phase=CRITICAL score=1.00 frame=184 source=flood-cam
[2026-09-24 11:26:03] ALERT FIRED swimmer=#40 phase=CRITICAL score=1.00 frame=188 source=flood-cam
[2026-09-24 11:26:03] ALERT FIRED swimmer=#41 phase=CRITICAL score=1.00 frame=190 source=flood-cam
[2026-09-24 11:26:03] ALERT FIRED swimmer=#42 phase=CRITICAL score=1.00 frame=190 source=flood-cam
[2026-09-24 11:26:03] ALERT FIRED swimmer=#43 phase=CRITICAL score=1.00 frame=190 source=flood-cam
[2026-09-24 11:26:04] ALERT FIRED swimmer=#44 phase=CRITICAL score=1.00 frame=191 source=flood-cam
[2026-09-24 11:26:04] ALERT FIRED swimmer=#45 phase=CRITICAL score=1.00 frame=191 source=flood-cam
[2026-09-24 11:26:04] ALERT FIRED swimmer=#46 phase=CRITICAL score=1.00 frame=193 source=flood-cam
[2026-09-24 11:26:07] ALERT FIRED swimmer=#23 phase=CRITICAL score=0.64 frame=203 source=flood-cam
[2026-09-24 11:26:07] ALERT FIRED swimmer=#47 phase=CRITICAL score=1.00 frame=203 source=flood-cam
[2026-09-24 11:26:08] ALERT FIRED swimmer=#48 phase=CRITICAL score=1.00 frame=204 source=flood-cam
[2026-09-24 11:26:08] ALERT FIRED swimmer=#49 phase=CRITICAL score=1.00 frame=206 source=flood-cam
[2026-09-24 11:26:09] ALERT FIRED swimmer=#19 phase=CRITICAL score=1.00 frame=211 source=flood-cam
[2026-09-24 11:26:11] ALERT FIRED swimmer=#50 phase=CRITICAL score=1.00 frame=219 source=flood-cam
[2026-09-24 11:26:11] ALERT FIRED swimmer=#51 phase=CRITICAL score=1.00 frame=219 source=flood-cam
[2026-09-24 11:26:13] ALERT FIRED swimmer=#52 phase=CRITICAL score=1.00 frame=223 source=flood-cam
[2026-09-24 11:26:14] ALERT FIRED swimmer=#53 phase=CRITICAL score=1.00 frame=227 source=flood-cam
[2026-09-24 11:26:14] ALERT FIRED swimmer=#54 phase=CRITICAL score=1.00 frame=229 source=flood-cam
[2026-09-24 11:26:18] ALERT CLEARED swimmer=#21 phase=WADING score=0.00 frame=245 source=flood-cam
[2026-09-24 11:26:19] ALERT FIRED swimmer=#55 phase=CRITICAL score=0.87 frame=246 source=flood-cam
[2026-09-24 11:26:19] ALERT FIRED swimmer=#56 phase=CRITICAL score=0.87 frame=246 source=flood-cam
[2026-09-24 11:26:19] ALERT FIRED swimmer=#57 phase=CRITICAL score=0.87 frame=248 source=flood-cam
[2026-09-24 11:26:20] ALERT FIRED swimmer=#58 phase=CRITICAL score=0.87 frame=252 source=flood-cam
[2026-09-24 11:26:21] ALERT FIRED swimmer=#59 phase=CRITICAL score=0.87 frame=259 source=flood-cam
[2026-09-24 11:26:22] ALERT FIRED swimmer=#61 phase=CRITICAL score=0.87 frame=265 source=flood-cam
[2026-09-24 11:26:23] ALERT FIRED swimmer=#62 phase=CRITICAL score=0.87 frame=270 source=flood-cam
[2026-09-24 11:26:24] ALERT FIRED swimmer=#60 phase=WADING score=0.74 frame=271 source=flood-cam
[2026-09-24 11:26:24] ALERT FIRED swimmer=#63 phase=CRITICAL score=0.87 frame=273 source=flood-cam
[2026-09-24 11:26:25] ALERT FIRED swimmer=#64 phase=CRITICAL score=0.87 frame=276 source=flood-cam
[2026-09-24 11:26:26] ALERT FIRED swimmer=#66 phase=CRITICAL score=0.88 frame=282 source=flood-cam
[2026-09-24 11:26:26] ALERT FIRED swimmer=#21 phase=CRITICAL score=0.89 frame=285 source=flood-cam
[2026-09-24 11:26:27] ALERT FIRED swimmer=#68 phase=CRITICAL score=0.88 frame=287 source=flood-cam
[2026-09-24 11:26:28] ALERT FIRED swimmer=#69 phase=CRITICAL score=0.87 frame=290 source=flood-cam
[2026-09-24 11:26:28] ALERT FIRED swimmer=#71 phase=CRITICAL score=0.88 frame=293 source=flood-cam
[2026-09-24 11:26:29] ALERT FIRED swimmer=#67 phase=WADING score=0.72 frame=295 source=flood-cam
[2026-09-24 11:26:30] ALERT FIRED swimmer=#72 phase=CRITICAL score=0.88 frame=301 source=flood-cam
[2026-09-24 11:26:31] ALERT FIRED swimmer=#73 phase=CRITICAL score=0.88 frame=305 source=flood-cam
[2026-09-24 11:26:31] ALERT FIRED swimmer=#65 phase=CRITICAL score=0.88 frame=306 source=flood-cam
[2026-09-24 11:26:32] ALERT FIRED swimmer=#74 phase=CRITICAL score=0.88 frame=310 source=flood-cam
[2026-09-24 11:26:33] ALERT FIRED swimmer=#75 phase=CRITICAL score=1.00 frame=313 source=flood-cam
[2026-09-24 11:26:35] ALERT FIRED swimmer=#70 phase=CRITICAL score=1.00 frame=319 source=flood-cam
[2026-09-24 11:26:35] ALERT FIRED swimmer=#78 phase=CRITICAL score=1.00 frame=321 source=flood-cam
[2026-09-24 11:26:36] ALERT FIRED swimmer=#79 phase=CRITICAL score=1.00 frame=323 source=flood-cam
[2026-09-24 11:26:38] ALERT FIRED swimmer=#81 phase=CRITICAL score=1.00 frame=331 source=flood-cam
[2026-09-24 11:26:39] ALERT FIRED swimmer=#76 phase=CRITICAL score=0.99 frame=332 source=flood-cam
[2026-09-24 11:26:39] ALERT FIRED swimmer=#82 phase=CRITICAL score=1.00 frame=333 source=flood-cam
[2026-09-24 11:26:40] ALERT FIRED swimmer=#83 phase=CRITICAL score=1.00 frame=339 source=flood-cam
[2026-09-24 11:26:40] ALERT FIRED swimmer=#84 phase=CRITICAL score=1.00 frame=339 source=flood-cam
[2026-09-24 11:26:41] ALERT FIRED swimmer=#86 phase=CRITICAL score=1.00 frame=341 source=flood-cam
[2026-09-24 11:26:42] ALERT FIRED swimmer=#85 phase=CRITICAL score=1.00 frame=345 source=flood-cam
[2026-09-24 11:26:43] ALERT FIRED swimmer=#87 phase=CRITICAL score=1.00 frame=348 source=flood-cam
[2026-09-24 11:26:43] ALERT CLEARED swimmer=#28 phase=WADING score=0.00 frame=349 source=flood-cam
[2026-09-24 11:26:43] ALERT FIRED swimmer=#88 phase=CRITICAL score=1.00 frame=350 source=flood-cam
[2026-09-24 11:26:44] ALERT FIRED swimmer=#89 phase=CRITICAL score=1.00 frame=353 source=flood-cam
[2026-09-24 11:26:44] ALERT FIRED swimmer=#90 phase=CRITICAL score=1.00 frame=354 source=flood-cam
[2026-09-24 11:26:46] ALERT FIRED swimmer=#91 phase=CRITICAL score=1.00 frame=358 source=flood-cam
[2026-09-24 11:26:46] ALERT FIRED swimmer=#80 phase=CRITICAL score=0.99 frame=359 source=flood-cam
[2026-09-24 11:26:46] ALERT FIRED swimmer=#92 phase=CRITICAL score=1.00 frame=359 source=flood-cam
[2026-09-24 11:26:47] ALERT FIRED swimmer=#77 phase=CRITICAL score=0.00 frame=360 source=flood-cam
[2026-09-24 11:26:47] ALERT FIRED swimmer=#93 phase=CRITICAL score=1.00 frame=361 source=flood-cam
[2026-09-24 11:26:48] ALERT FIRED swimmer=#94 phase=CRITICAL score=1.00 frame=365 source=flood-cam
[2026-09-24 11:26:50] ALERT FIRED swimmer=#95 phase=CRITICAL score=1.00 frame=370 source=flood-cam
[2026-09-24 11:26:51] ALERT FIRED swimmer=#96 phase=CRITICAL score=0.88 frame=374 source=flood-cam
[2026-09-24 11:26:51] ALERT FIRED swimmer=#97 phase=CRITICAL score=0.88 frame=374 source=flood-cam
[2026-09-24 11:26:52] ALERT FIRED swimmer=#98 phase=CRITICAL score=0.88 frame=376 source=flood-cam
[2026-09-24 11:26:53] ALERT FIRED swimmer=#100 phase=CRITICAL score=0.88 frame=378 source=flood-cam
[2026-09-24 11:26:53] ALERT FIRED swimmer=#101 phase=CRITICAL score=0.87 frame=378 source=flood-cam
[2026-09-24 11:26:53] ALERT FIRED swimmer=#102 phase=CRITICAL score=0.88 frame=379 source=flood-cam
[2026-09-24 11:26:54] ALERT FIRED swimmer=#103 phase=CRITICAL score=0.88 frame=382 source=flood-cam
[2026-09-24 11:26:56] ALERT FIRED swimmer=#105 phase=CRITICAL score=0.88 frame=386 source=flood-cam
[2026-09-24 11:26:57] ALERT FIRED swimmer=#106 phase=CRITICAL score=0.88 frame=389 source=flood-cam
[2026-09-24 11:26:58] ALERT FIRED swimmer=#104 phase=WADING score=0.75 frame=393 source=flood-cam
[2026-09-24 11:26:58] ALERT FIRED swimmer=#107 phase=CRITICAL score=0.88 frame=393 source=flood-cam
[2026-09-24 11:26:58] ALERT FIRED swimmer=#108 phase=CRITICAL score=0.88 frame=394 source=flood-cam
[2026-09-24 11:26:59] ALERT FIRED swimmer=#109 phase=CRITICAL score=0.88 frame=396 source=flood-cam
[2026-09-24 11:27:00] ALERT FIRED swimmer=#99 phase=CRITICAL score=0.10 frame=401 source=flood-cam
[2026-09-24 11:27:00] ALERT FIRED swimmer=#110 phase=CRITICAL score=0.88 frame=401 source=flood-cam
[2026-09-24 11:27:01] ALERT FIRED swimmer=#111 phase=CRITICAL score=0.88 frame=405 source=flood-cam
[2026-09-24 11:27:02] ALERT FIRED swimmer=#112 phase=CRITICAL score=0.88 frame=407 source=flood-cam
[2026-09-24 11:27:02] ALERT FIRED swimmer=#114 phase=CRITICAL score=0.88 frame=408 source=flood-cam
[2026-09-24 11:27:05] ALERT FIRED swimmer=#113 phase=WADING score=0.74 frame=417 source=flood-cam
[2026-09-24 11:27:07] ALERT FIRED swimmer=#115 phase=WADING score=0.72 frame=425 source=flood-cam
[2026-09-24 11:27:09] ALERT FIRED swimmer=#116 phase=CRITICAL score=0.88 frame=433 source=flood-cam
[2026-09-24 11:27:10] ALERT FIRED swimmer=#117 phase=CRITICAL score=0.88 frame=439 source=flood-cam
[2026-09-24 11:27:14] ALERT FIRED swimmer=#119 phase=CRITICAL score=0.88 frame=454 source=flood-cam
[2026-09-24 11:27:15] ALERT FIRED swimmer=#118 phase=WADING score=0.74 frame=458 source=flood-cam
[2026-09-24 11:28:01] ALERT FIRED swimmer=#7 phase=CRITICAL score=0.89 frame=13 source=flood-cam
[2026-09-24 11:28:01] ALERT FIRED swimmer=#8 phase=CRITICAL score=0.89 frame=15 source=flood-cam
[2026-09-24 11:28:01] ALERT FIRED swimmer=#9 phase=CRITICAL score=0.89 frame=15 source=flood-cam
[2026-09-24 11:28:01] ALERT FIRED swimmer=#10 phase=CRITICAL score=0.89 frame=17 source=flood-cam
[2026-09-24 11:28:01] ALERT FIRED swimmer=#6 phase=WADING score=0.76 frame=19 source=flood-cam
[2026-09-24 11:33:01] ALERT FIRED swimmer=#7 phase=CRITICAL score=0.89 frame=13 source=flood-cam
[2026-09-24 11:33:01] ALERT FIRED swimmer=#8 phase=CRITICAL score=0.89 frame=15 source=flood-cam
[2026-09-24 11:33:01] ALERT FIRED swimmer=#9 phase=CRITICAL score=0.89 frame=15 source=flood-cam
[2026-09-24 11:33:01] ALERT FIRED swimmer=#10 phase=CRITICAL score=0.89 frame=17 source=flood-cam
[2026-09-24 11:33:01] ALERT FIRED swimmer=#6 phase=WADING score=0.76 frame=19 source=flood-cam
[2026-09-25 17:21:25] ALERT FIRED swimmer=#1 phase=DISTRESS score=0.58 frame=25 source=camera
[2026-09-25 17:21:29] ALERT FIRED swimmer=#1 phase=CRITICAL score=0.46 frame=99 source=flood-cam
[2026-09-25 17:21:32] ALERT FIRED swimmer=#1 phase=STRANDED score=0.21 frame=168 source=flood-cam
[2026-09-25 17:22:24] ALERT FIRED swimmer=#7 phase=CRITICAL score=0.89 frame=15 source=flood-cam
[2026-09-25 17:22:24] ALERT FIRED swimmer=#8 phase=CRITICAL score=0.89 frame=17 source=flood-cam
[2026-09-25 17:22:24] ALERT FIRED swimmer=#9 phase=CRITICAL score=0.89 frame=17 source=flood-cam
[2026-09-25 17:22:25] ALERT FIRED swimmer=#10 phase=CRITICAL score=0.89 frame=19 source=flood-cam
[2026-09-25 17:22:25] ALERT FIRED swimmer=#6 phase=WADING score=0.77 frame=21 source=flood-cam
[2026-09-25 17:39:12] ALERT FIRED swimmer=#7 phase=CRITICAL score=0.89 frame=15 source=flood-cam
[2026-09-25 17:39:12] ALERT FIRED swimmer=#8 phase=CRITICAL score=0.89 frame=17 source=flood-cam
[2026-09-25 17:39:12] ALERT FIRED swimmer=#9 phase=CRITICAL score=0.89 frame=17 source=flood-cam
[2026-09-25 17:39:12] ALERT FIRED swimmer=#10 phase=CRITICAL score=0.89 frame=19 source=flood-cam
[2026-09-25 17:39:12] ALERT FIRED swimmer=#6 phase=WADING score=0.77 frame=21 source=flood-cam
[2026-09-25 21:49:06] ALERT FIRED swimmer=#1 phase=CRITICAL score=1.00 frame=96 source=flood-cam
[2026-09-25 22:36:47] ALERT FIRED swimmer=#7 phase=CRITICAL score=0.89 frame=15 source=flood-cam
[2026-09-25 22:36:47] ALERT FIRED swimmer=#8 phase=CRITICAL score=0.89 frame=17 source=flood-cam
[2026-09-25 22:36:47] ALERT FIRED swimmer=#9 phase=CRITICAL score=0.89 frame=17 source=flood-cam
[2026-09-25 22:36:47] ALERT FIRED swimmer=#10 phase=CRITICAL score=0.89 frame=19 source=flood-cam
[2026-09-25 22:36:47] ALERT FIRED swimmer=#6 phase=WADING score=0.77 frame=21 source=flood-cam
[2026-09-25 22:36:58] ALERT FIRED swimmer=#7 phase=CRITICAL score=0.89 frame=15 source=flood-cam
[2026-09-25 22:36:58] ALERT FIRED swimmer=#8 phase=CRITICAL score=0.89 frame=17 source=flood-cam
[2026-09-25 22:36:58] ALERT FIRED swimmer=#9 phase=CRITICAL score=0.89 frame=17 source=flood-cam
[2026-09-25 22:36:59] ALERT FIRED swimmer=#10 phase=CRITICAL score=0.89 frame=19 source=flood-cam
[2026-09-25 22:36:59] ALERT FIRED swimmer=#6 phase=WADING score=0.77 frame=21 source=flood-cam
[2026-09-25 22:37:12] ALERT FIRED swimmer=#7 phase=CRITICAL score=0.89 frame=15 source=flood-cam
[2026-09-25 22:37:12] ALERT FIRED swimmer=#8 phase=CRITICAL score=0.89 frame=17 source=flood-cam
[2026-09-25 22:37:12] ALERT FIRED swimmer=#9 phase=CRITICAL score=0.89 frame=17 source=flood-cam
[2026-09-25 22:37:12] ALERT FIRED swimmer=#10 phase=CRITICAL score=0.89 frame=19 source=flood-cam
[2026-09-25 22:37:12] ALERT FIRED swimmer=#6 phase=WADING score=0.77 frame=21 source=flood-cam
[2026-09-25 22:58:21] ALERT FIRED swimmer=#7 phase=CRITICAL score=0.89 frame=15 source=flood-cam
[2026-09-25 22:58:21] ALERT FIRED swimmer=#8 phase=CRITICAL score=0.89 frame=17 source=flood-cam
[2026-09-25 22:58:21] ALERT FIRED swimmer=#9 phase=CRITICAL score=0.89 frame=17 source=flood-cam
[2026-09-25 22:58:21] ALERT FIRED swimmer=#10 phase=CRITICAL score=0.89 frame=19 source=flood-cam
[2026-09-25 22:58:21] ALERT FIRED swimmer=#6 phase=WADING score=0.77 frame=21 source=flood-cam
[2026-09-25 22:59:10] ALERT FIRED swimmer=#7 phase=CRITICAL score=0.89 frame=15 source=flood-cam
[2026-09-25 22:59:10] ALERT FIRED swimmer=#8 phase=CRITICAL score=0.89 frame=17 source=flood-cam
[2026-09-25 22:59:10] ALERT FIRED swimmer=#9 phase=CRITICAL score=0.89 frame=17 source=flood-cam
[2026-09-25 22:59:11] ALERT FIRED swimmer=#10 phase=CRITICAL score=0.89 frame=19 source=flood-cam
[2026-09-25 22:59:11] ALERT FIRED swimmer=#6 phase=WADING score=0.77 frame=21 source=flood-cam
[2026-09-25 23:02:27] ALERT FIRED swimmer=#3 phase=CRITICAL score=0.89 frame=20 source=flood-cam
[2026-09-25 23:02:27] ALERT FIRED swimmer=#4 phase=CRITICAL score=0.89 frame=21 source=flood-cam
[2026-09-25 23:02:28] ALERT FIRED swimmer=#2 phase=WADING score=0.77 frame=29 source=flood-cam
[2026-09-25 23:02:32] ALERT FIRED swimmer=#5 phase=CRITICAL score=0.89 frame=79 source=flood-cam
[2026-09-25 23:02:38] ALERT FIRED swimmer=#6 phase=CRITICAL score=0.89 frame=164 source=flood-cam
[2026-09-25 23:02:40] ALERT FIRED swimmer=#7 phase=CRITICAL score=0.89 frame=190 source=flood-cam
[2026-09-25 23:02:45] ALERT FIRED swimmer=#8 phase=WADING score=0.77 frame=257 source=flood-cam
[2026-09-25 23:02:45] ALERT FIRED swimmer=#9 phase=WADING score=0.77 frame=257 source=flood-cam
[2026-09-25 23:02:45] ALERT FIRED swimmer=#10 phase=WADING score=0.77 frame=257 source=flood-cam
[2026-09-25 23:02:46] ALERT FIRED swimmer=#11 phase=WADING score=0.72 frame=266 source=flood-cam
